[17:44:31] results -> /home1/11833/ryandeng87/lab1/results/part7_20261004-174431_7972842
[17:44:32] module gcc/13.2.0
[17:44:32] compiler: g++ (GCC) 13.2.0
#define HAVE_SHARDED 1      // Part 4: ShardedMap   (concurrent_map.h)
#define HAVE_LOCKS   1      // Part 5: TAS/TTAS/Ticket/Park (locks.h)
#define HAVE_RW      1      // Part 6: RWLock, RWLockWP         (locks.h)
#define HAVE_HASHED  1      // Part 7: StripedHashMap        (hash_map.h)
layout:        interleaved
cores:         56   cores in package 0: 28
socket-0 CPUs: 0,2,4,6,8,10,12,14,16,18,20,22,24,26,28,30,32,34,36,38,40,42,44,46,48,50,52,54
S0_1=0  S0_8=0,2,4,6,8,10,12,14
S0_28=0,2,4,6,8,10,12,14,16,18,20,22,24,26,28,30,32,34,36,38,40,42,44,46,48,50,52,54
WARNING: CPU numbers alternate between sockets.  sweep.sh's pin order
  is CPU-number order, so from T=2 its threads span BOTH sockets and its
  '<- first socket full' tag at T=28 is wrong.  Say so in the report;
  the perf runs in these jobs use the socket-0 lists above instead of 0-7.
[17:44:51] perf: paranoid=0 CS_FALLBACK=0 HITM=mem_load_l3_hit_retired.xsnp_hitm REFCYC=ref-cycles
[17:44:52] sweep hashed:ttas shards=4096 MIX= WRITERS= BUCKETS=2097152 T=[1]
[17:44:59] sweep hashed:ttas shards=4096 MIX= WRITERS= BUCKETS=524288 T=[1]
[17:45:06] sweep hashed:ttas shards=4096 MIX= WRITERS= BUCKETS=131072 T=[1]
[17:45:13] sweep hashed:ttas shards=4096 MIX= WRITERS= BUCKETS=32768 T=[1]
[17:45:21] sweep hashed:ttas shards=4096 MIX= WRITERS= BUCKETS=8192 T=[1]
[17:45:30] sweep hashed:ttas shards=4096 MIX= WRITERS= BUCKETS=2048 T=[1]
[17:45:47] sweep sharded:ttas shards=4096 MIX= WRITERS= BUCKETS= T=[1]
[17:45:55] perf hashed:ttas T=1 shards=4096 cpus=0 DELAY=330 rep 1
[17:46:01] perf hashed:ttas T=1 shards=4096 cpus=0 DELAY=330 rep 2
[17:46:07] perf hashed:ttas T=1 shards=4096 cpus=0 DELAY=330 rep 3
[17:46:15] perf hashed:ttas T=1 shards=4096 cpus=0 DELAY=330 rep 1
[17:46:21] perf hashed:ttas T=1 shards=4096 cpus=0 DELAY=330 rep 2
[17:46:27] perf hashed:ttas T=1 shards=4096 cpus=0 DELAY=330 rep 3
[17:46:34] perf hashed:ttas T=1 shards=4096 cpus=0 DELAY=337 rep 1
[17:46:40] perf hashed:ttas T=1 shards=4096 cpus=0 DELAY=337 rep 2
[17:46:46] perf hashed:ttas T=1 shards=4096 cpus=0 DELAY=337 rep 3
[17:46:53] perf hashed:ttas T=1 shards=4096 cpus=0 DELAY=402 rep 1
[17:46:59] perf hashed:ttas T=1 shards=4096 cpus=0 DELAY=402 rep 2
[17:47:05] perf hashed:ttas T=1 shards=4096 cpus=0 DELAY=402 rep 3
[17:47:13] perf hashed:ttas T=1 shards=4096 cpus=0 DELAY=1038 rep 1
[17:47:19] perf hashed:ttas T=1 shards=4096 cpus=0 DELAY=1038 rep 2
[17:47:26] perf hashed:ttas T=1 shards=4096 cpus=0 DELAY=1038 rep 3
[17:47:37] perf hashed:ttas T=1 shards=4096 cpus=0 DELAY=4125 rep 1
[17:47:46] perf hashed:ttas T=1 shards=4096 cpus=0 DELAY=4125 rep 2
[17:47:56] perf hashed:ttas T=1 shards=4096 cpus=0 DELAY=4125 rep 3
[17:48:07] perf sharded:ttas T=1 shards=4096 cpus=0 DELAY=385 rep 1
[17:48:13] perf sharded:ttas T=1 shards=4096 cpus=0 DELAY=385 rep 2
[17:48:19] perf sharded:ttas T=1 shards=4096 cpus=0 DELAY=385 rep 3
buckets      chain  sweep_Mops  file                                                                                                         flag  impl          T  shards  mix       cpus  Mops    ops        f      cyc/op
2097152      0.25   19.4        /home1/11833/ryandeng87/lab1/results/part7_20261004-174431_7972842/buckets_perf/hashed_ttas_B2097152.r1.txt  ok    hashed:ttas   1  4096    80/10/10  0     20.19   100941824  0.940  154.5 
524288       1      14.8        /home1/11833/ryandeng87/lab1/results/part7_20261004-174431_7972842/buckets_perf/hashed_ttas_B524288.r2.txt   ok    hashed:ttas   1  4096    80/10/10  0     15.02   75086848   0.940  207.5 
131072       4      8.6         /home1/11833/ryandeng87/lab1/results/part7_20261004-174431_7972842/buckets_perf/hashed_ttas_B131072.r1.txt   ok    hashed:ttas   1  4096    80/10/10  0     8.612   43058176   0.939  361.5 
32768        16     2.9         /home1/11833/ryandeng87/lab1/results/part7_20261004-174431_7972842/buckets_perf/hashed_ttas_B32768.r2.txt    ok    hashed:ttas   1  4096    80/10/10  0     2.829   14145536   0.939  1099  
8192         64     0.9         /home1/11833/ryandeng87/lab1/results/part7_20261004-174431_7972842/buckets_perf/hashed_ttas_B8192.r1.txt     ok    hashed:ttas   1  4096    80/10/10  0     0.8485  4243456    0.926  3618  
2048         256    0.3         /home1/11833/ryandeng87/lab1/results/part7_20261004-174431_7972842/buckets_perf/hashed_ttas_B2048.r2.txt     ok    hashed:ttas   1  4096    80/10/10  0     0.2449  1225728    0.876  1.183e
sharded_ref  NA     4.2         /home1/11833/ryandeng87/lab1/results/part7_20261004-174431_7972842/buckets_perf/sharded_ttas_ref.r1.txt      ok    sharded:ttas  1  4096    80/10/10  0     4.109   20544512   0.939  759.9 
[17:48:25] sweep hashed:ttas shards=1 MIX= WRITERS= BUCKETS= T=[1]
[17:48:32] sweep hashed:ttas shards=4 MIX= WRITERS= BUCKETS= T=[1]
[17:48:39] sweep hashed:ttas shards=16 MIX= WRITERS= BUCKETS= T=[1]
[17:48:46] sweep hashed:ttas shards=64 MIX= WRITERS= BUCKETS= T=[1]
[17:48:53] sweep hashed:ttas shards=256 MIX= WRITERS= BUCKETS= T=[1]
[17:49:01] sweep hashed:ttas shards=1024 MIX= WRITERS= BUCKETS= T=[1]
[17:49:08] sweep hashed:ttas shards=4096 MIX= WRITERS= BUCKETS= T=[1]
[17:49:15] sweep hashed:ttas shards=16384 MIX= WRITERS= BUCKETS= T=[1]
[17:49:22] sweep hashed:ttas shards=1 MIX= WRITERS= BUCKETS= T=[32]
[17:49:29] sweep hashed:ttas shards=4 MIX= WRITERS= BUCKETS= T=[32]
[17:49:36] sweep hashed:ttas shards=16 MIX= WRITERS= BUCKETS= T=[32]
[17:49:43] sweep hashed:ttas shards=64 MIX= WRITERS= BUCKETS= T=[32]
[17:49:50] sweep hashed:ttas shards=256 MIX= WRITERS= BUCKETS= T=[32]
[17:49:58] sweep hashed:ttas shards=1024 MIX= WRITERS= BUCKETS= T=[32]
[17:50:05] sweep hashed:ttas shards=4096 MIX= WRITERS= BUCKETS= T=[32]
[17:50:12] sweep hashed:ttas shards=16384 MIX= WRITERS= BUCKETS= T=[32]
threads,count,mops,cpus
1,1,19.4,"0"
1,4,19.6,"0"
1,16,19.5,"0"
1,64,19.6,"0"
1,256,19.7,"0"
1,1024,19.8,"0"
1,4096,19.7,"0"
1,16384,19.0,"0"
32,1,1.6,"0,1,2,3,4,5,6,7,8,9,10,11,12,13,14,15,16,17,18,19,20,21,22,23,24,25,26,27,28,29,30,31"
32,4,2.6,"0,1,2,3,4,5,6,7,8,9,10,11,12,13,14,15,16,17,18,19,20,21,22,23,24,25,26,27,28,29,30,31"
32,16,8.3,"0,1,2,3,4,5,6,7,8,9,10,11,12,13,14,15,16,17,18,19,20,21,22,23,24,25,26,27,28,29,30,31"
32,64,47.5,"0,1,2,3,4,5,6,7,8,9,10,11,12,13,14,15,16,17,18,19,20,21,22,23,24,25,26,27,28,29,30,31"
32,256,110.8,"0,1,2,3,4,5,6,7,8,9,10,11,12,13,14,15,16,17,18,19,20,21,22,23,24,25,26,27,28,29,30,31"
32,1024,181.9,"0,1,2,3,4,5,6,7,8,9,10,11,12,13,14,15,16,17,18,19,20,21,22,23,24,25,26,27,28,29,30,31"
32,4096,195.9,"0,1,2,3,4,5,6,7,8,9,10,11,12,13,14,15,16,17,18,19,20,21,22,23,24,25,26,27,28,29,30,31"
32,16384,198.8,"0,1,2,3,4,5,6,7,8,9,10,11,12,13,14,15,16,17,18,19,20,21,22,23,24,25,26,27,28,29,30,31"
[17:50:20] sweep hashed:park shards=1 MIX= WRITERS= BUCKETS= T=[1]
[17:50:27] sweep hashed:park shards=4 MIX= WRITERS= BUCKETS= T=[1]
[17:50:34] sweep hashed:park shards=16 MIX= WRITERS= BUCKETS= T=[1]
[17:50:41] sweep hashed:park shards=64 MIX= WRITERS= BUCKETS= T=[1]
[17:50:48] sweep hashed:park shards=256 MIX= WRITERS= BUCKETS= T=[1]
[17:50:55] sweep hashed:park shards=1024 MIX= WRITERS= BUCKETS= T=[1]
[17:51:02] sweep hashed:park shards=4096 MIX= WRITERS= BUCKETS= T=[1]
[17:51:09] sweep hashed:park shards=16384 MIX= WRITERS= BUCKETS= T=[1]
[17:51:16] sweep hashed:park shards=1 MIX= WRITERS= BUCKETS= T=[32]
[17:51:23] sweep hashed:park shards=4 MIX= WRITERS= BUCKETS= T=[32]
[17:51:31] sweep hashed:park shards=16 MIX= WRITERS= BUCKETS= T=[32]
