WARNING: not every parts.h switch is 1 -- staff grade with all of them on
test_map: exit=0  wall=1 s
test_locks: exit=0  wall=0 s
test_map_tsan: exit=0  wall=1 s
test_locks_tsan: exit=0  wall=1 s
race_control: exit=66  wall=0 s
== TSan evidence for the report (LS6 c302-005.ls6.tacc.utexas.edu, g++ (GCC) 15.2.0) ==
--- test_map_tsan
test_map_tsan: exit=0  wall=1 s
last line: all checks passed
TSan banner: ***** Running under ThreadSanitizer v3 (pid 3044625) *****
ThreadSanitizer WARNING/SUMMARY lines: 0
--- test_locks_tsan
test_locks_tsan: exit=0  wall=1 s
last line: all checks passed
TSan banner: ***** Running under ThreadSanitizer v3 (pid 3044872) *****
ThreadSanitizer WARNING/SUMMARY lines: 0
--- iteration counts under TSan (SCALE=4 => 'x 5000', plain build 'x 20000'):
std::mutex: 8 threads x 5000, mutual exclusion  0.1 s
TASLock: 8 threads x 5000, mutual exclusion  0.4 s
--- linked runtime: 	libtsan.so.2 => /opt/apps/gcc/15.2.0/lib64/libtsan.so.2 (0x000014a87dd2f000)
--- positive control (must show a race, exit 66):
race_control: exit=66  wall=0 s
SUMMARY: ThreadSanitizer: data race /home1/11833/ryandeng87/lab1/results/tsan_ls6_20261004-161507_3488118/race.cpp:4 in main
