[15:22:09] results -> /home1/11833/ryandeng87/lab1/results/part3_20261004-152209_7972219
[15:22:10] module gcc/13.2.0
[15:22:10] compiler: g++ (GCC) 13.2.0
#define HAVE_SHARDED 1      // Part 4: ShardedMap   (concurrent_map.h)
#define HAVE_LOCKS   1      // Part 5: TAS/TTAS/Ticket/Park (locks.h)
#define HAVE_RW      1      // Part 6: RWLock, RWLockWP         (locks.h)
#define HAVE_HASHED  0      // Part 7: StripedHashMap        (hash_map.h)
layout:        interleaved
cores:         56   cores in package 0: 28
socket-0 CPUs: 0,2,4,6,8,10,12,14,16,18,20,22,24,26,28,30,32,34,36,38,40,42,44,46,48,50,52,54
S0_1=0  S0_8=0,2,4,6,8,10,12,14
S0_28=0,2,4,6,8,10,12,14,16,18,20,22,24,26,28,30,32,34,36,38,40,42,44,46,48,50,52,54
WARNING: CPU numbers alternate between sockets.  sweep.sh's pin order
  is CPU-number order, so from T=2 its threads span BOTH sockets and its
  '<- first socket full' tag at T=28 is wrong.  Say so in the report;
  the perf runs in these jobs use the socket-0 lists above instead of 0-7.
[15:22:24] perf: paranoid=0 CS_FALLBACK=0 HITM=mem_load_l3_hit_retired.xsnp_hitm REFCYC=ref-cycles
[15:22:27] mux check: every event counted 100% of the time
[15:22:29] perf coarse T=1 shards=1 cpus=0 DELAY=381 rep 1
[15:22:35] perf coarse T=1 shards=1 cpus=0 DELAY=381 rep 2
[15:22:41] perf coarse T=1 shards=1 cpus=0 DELAY=381 rep 3
[15:22:48] perf coarse T=8 shards=1 cpus=0,2,4,6,8,10,12,14 DELAY=383 rep 1
[15:22:54] perf coarse T=8 shards=1 cpus=0,2,4,6,8,10,12,14 DELAY=383 rep 2
[15:23:00] perf coarse T=8 shards=1 cpus=0,2,4,6,8,10,12,14 DELAY=383 rep 3
[15:23:08] perf coarse T=28 shards=1 cpus=0,2,4,6,8,10,12,14,16,18,20,22,24,26,28,30,32,34,36,38,40,42,44,46,48,50,52,54 DELAY=381 rep 1
[15:23:14] perf coarse T=28 shards=1 cpus=0,2,4,6,8,10,12,14,16,18,20,22,24,26,28,30,32,34,36,38,40,42,44,46,48,50,52,54 DELAY=381 rep 2
[15:23:20] perf coarse T=28 shards=1 cpus=0,2,4,6,8,10,12,14,16,18,20,22,24,26,28,30,32,34,36,38,40,42,44,46,48,50,52,54 DELAY=381 rep 3
file                                                                                          flag  impl    T   shards  mix       cpus                                                                            Mops   ops       f      cyc/op     ins/op     IPC    L1miss/op  LLCmiss/op  HITM/op    rHITM/op  cs/op(perf)  cs/op(rusage)  busy  busy_ref  taskclk_cpus  Mops_min  Mops_max  reps
/home1/11833/ryandeng87/lab1/results/part3_20261004-152209_7972219/perf/coarse_T1_S1.r1.txt   ok    coarse  1   1       80/10/10  0                                                                               2.182  10908672  0.948  1445       330.5      0.229  25.29      0.4894      0.0003084  0         2.75e-07                                    1.01          2.175     2.183     3
/home1/11833/ryandeng87/lab1/results/part3_20261004-152209_7972219/perf/coarse_T28_S1.r2.txt  ok    coarse  28  1       80/10/10  0,2,4,6,8,10,12,14,16,18,20,22,24,26,28,30,32,34,36,38,40,42,44,46,48,50,52,54  1.014  5087232   0.948  6.581e+04  1.106e+04  0.168  225.4      0.8285      37.39      0         0.7588                                      22.28         0.9971    1.016     3
/home1/11833/ryandeng87/lab1/results/part3_20261004-152209_7972219/perf/coarse_T8_S1.r1.txt   ok    coarse  8   1       80/10/10  0,2,4,6,8,10,12,14                                                              1.04   5204992   0.948  1.111e+04  4907       0.442  143.7      0.9752      17.74      0         0.5276                                      4.38          1.039     1.04      3
[15:23:26] finished cleanly; artifacts in /home1/11833/ryandeng87/lab1/results/part3_20261004-152209_7972219
