[17:43:27] results -> /home1/11833/ryandeng87/lab1/results/part7_20261004-174327_7972838
[17:43:27] module gcc/13.2.0
[17:43:28] compiler: g++ (GCC) 13.2.0
#define HAVE_SHARDED 1      // Part 4: ShardedMap   (concurrent_map.h)
#define HAVE_LOCKS   1      // Part 5: TAS/TTAS/Ticket/Park (locks.h)
#define HAVE_RW      1      // Part 6: RWLock, RWLockWP         (locks.h)
#define HAVE_HASHED  1      // Part 7: StripedHashMap        (hash_map.h)
layout:        interleaved
cores:         56   cores in package 0: 28
socket-0 CPUs: 0,2,4,6,8,10,12,14,16,18,20,22,24,26,28,30,32,34,36,38,40,42,44,46,48,50,52,54
S0_1=0  S0_8=0,2,4,6,8,10,12,14
S0_28=0,2,4,6,8,10,12,14,16,18,20,22,24,26,28,30,32,34,36,38,40,42,44,46,48,50,52,54
WARNING: CPU numbers alternate between sockets.  sweep.sh's pin order
  is CPU-number order, so from T=2 its threads span BOTH sockets and its
  '<- first socket full' tag at T=28 is wrong.  Say so in the report;
  the perf runs in these jobs use the socket-0 lists above instead of 0-7.
[17:43:47] perf: paranoid=0 CS_FALLBACK=0 HITM=mem_load_l3_hit_retired.xsnp_hitm REFCYC=ref-cycles
[17:43:48] sweep hashed:ttas shards=4096 MIX= WRITERS= BUCKETS=2097152 T=[1]
[17:43:55] sweep hashed:ttas shards=4096 MIX= WRITERS= BUCKETS=524288 T=[1]
[17:44:02] sweep hashed:ttas shards=4096 MIX= WRITERS= BUCKETS=131072 T=[1]
[17:44:09] sweep hashed:ttas shards=4096 MIX= WRITERS= BUCKETS=32768 T=[1]
[17:44:16] sweep hashed:ttas shards=4096 MIX= WRITERS= BUCKETS=8192 T=[1]
[17:44:25] sweep hashed:ttas shards=4096 MIX= WRITERS= BUCKETS=2048 T=[1]
[17:44:42] sweep sharded:ttas shards=4096 MIX= WRITERS= BUCKETS= T=[1]
[17:44:51] perf hashed:ttas T=1 shards=4096 cpus=0 DELAY=330 rep 1
[17:44:57] perf hashed:ttas T=1 shards=4096 cpus=0 DELAY=330 rep 2
[17:45:03] perf hashed:ttas T=1 shards=4096 cpus=0 DELAY=330 rep 3
[17:45:10] perf hashed:ttas T=1 shards=4096 cpus=0 DELAY=331 rep 1
[17:45:16] perf hashed:ttas T=1 shards=4096 cpus=0 DELAY=331 rep 2
[17:45:22] perf hashed:ttas T=1 shards=4096 cpus=0 DELAY=331 rep 3
[17:45:29] perf hashed:ttas T=1 shards=4096 cpus=0 DELAY=338 rep 1
[17:45:35] perf hashed:ttas T=1 shards=4096 cpus=0 DELAY=338 rep 2
[17:45:41] perf hashed:ttas T=1 shards=4096 cpus=0 DELAY=338 rep 3
[17:45:48] perf hashed:ttas T=1 shards=4096 cpus=0 DELAY=401 rep 1
[17:45:54] perf hashed:ttas T=1 shards=4096 cpus=0 DELAY=401 rep 2
[17:46:00] perf hashed:ttas T=1 shards=4096 cpus=0 DELAY=401 rep 3
[17:46:08] perf hashed:ttas T=1 shards=4096 cpus=0 DELAY=1033 rep 1
[17:46:15] perf hashed:ttas T=1 shards=4096 cpus=0 DELAY=1033 rep 2
[17:46:21] perf hashed:ttas T=1 shards=4096 cpus=0 DELAY=1033 rep 3
[17:46:33] perf hashed:ttas T=1 shards=4096 cpus=0 DELAY=4136 rep 1
[17:46:42] perf hashed:ttas T=1 shards=4096 cpus=0 DELAY=4136 rep 2
[17:46:52] perf hashed:ttas T=1 shards=4096 cpus=0 DELAY=4136 rep 3
[17:47:02] perf sharded:ttas T=1 shards=4096 cpus=0 DELAY=388 rep 1
[17:47:08] perf sharded:ttas T=1 shards=4096 cpus=0 DELAY=388 rep 2
[17:47:14] perf sharded:ttas T=1 shards=4096 cpus=0 DELAY=388 rep 3
buckets      chain  sweep_Mops  file                                                                                                         flag  impl          T  shards  mix       cpus  Mops    ops        f      cyc/op
2097152      0.25   19.7        /home1/11833/ryandeng87/lab1/results/part7_20261004-174327_7972838/buckets_perf/hashed_ttas_B2097152.r3.txt  ok    hashed:ttas   1  4096    80/10/10  0     20.18   100897792  0.940  154.6 
524288       1      14.8        /home1/11833/ryandeng87/lab1/results/part7_20261004-174327_7972838/buckets_perf/hashed_ttas_B524288.r3.txt   ok    hashed:ttas   1  4096    80/10/10  0     15.02   75089920   0.940  207.4 
131072       4      8.6         /home1/11833/ryandeng87/lab1/results/part7_20261004-174327_7972838/buckets_perf/hashed_ttas_B131072.r2.txt   ok    hashed:ttas   1  4096    80/10/10  0     8.603   43015168   0.939  361.9 
32768        16     2.9         /home1/11833/ryandeng87/lab1/results/part7_20261004-174327_7972838/buckets_perf/hashed_ttas_B32768.r3.txt    ok    hashed:ttas   1  4096    80/10/10  0     2.835   14173184   0.938  1097  
8192         64     0.9         /home1/11833/ryandeng87/lab1/results/part7_20261004-174327_7972838/buckets_perf/hashed_ttas_B8192.r3.txt     ok    hashed:ttas   1  4096    80/10/10  0     0.8293  4147200    0.928  3719  
2048         256    0.3         /home1/11833/ryandeng87/lab1/results/part7_20261004-174327_7972838/buckets_perf/hashed_ttas_B2048.r3.txt     ok    hashed:ttas   1  4096    80/10/10  0     0.2447  1223680    0.865  1.168e
sharded_ref  NA     4.2         /home1/11833/ryandeng87/lab1/results/part7_20261004-174327_7972838/buckets_perf/sharded_ttas_ref.r2.txt      ok    sharded:ttas  1  4096    80/10/10  0     4.113   20567040   0.938  758.7 
[17:47:21] sweep hashed:ttas shards=1 MIX= WRITERS= BUCKETS= T=[1]
[17:47:28] sweep hashed:ttas shards=4 MIX= WRITERS= BUCKETS= T=[1]
[17:47:35] sweep hashed:ttas shards=16 MIX= WRITERS= BUCKETS= T=[1]
[17:47:42] sweep hashed:ttas shards=64 MIX= WRITERS= BUCKETS= T=[1]
[17:47:49] sweep hashed:ttas shards=256 MIX= WRITERS= BUCKETS= T=[1]
[17:47:56] sweep hashed:ttas shards=1024 MIX= WRITERS= BUCKETS= T=[1]
[17:48:03] sweep hashed:ttas shards=4096 MIX= WRITERS= BUCKETS= T=[1]
[17:48:10] sweep hashed:ttas shards=16384 MIX= WRITERS= BUCKETS= T=[1]
[17:48:17] sweep hashed:ttas shards=1 MIX= WRITERS= BUCKETS= T=[32]
[17:48:25] sweep hashed:ttas shards=4 MIX= WRITERS= BUCKETS= T=[32]
[17:48:32] sweep hashed:ttas shards=16 MIX= WRITERS= BUCKETS= T=[32]
[17:48:39] sweep hashed:ttas shards=64 MIX= WRITERS= BUCKETS= T=[32]
[17:48:46] sweep hashed:ttas shards=256 MIX= WRITERS= BUCKETS= T=[32]
[17:48:53] sweep hashed:ttas shards=1024 MIX= WRITERS= BUCKETS= T=[32]
[17:49:01] sweep hashed:ttas shards=4096 MIX= WRITERS= BUCKETS= T=[32]
[17:49:08] sweep hashed:ttas shards=16384 MIX= WRITERS= BUCKETS= T=[32]
threads,count,mops,cpus
1,1,19.7,"0"
1,4,19.7,"0"
1,16,19.5,"0"
1,64,19.5,"0"
1,256,19.7,"0"
1,1024,19.6,"0"
1,4096,19.6,"0"
1,16384,19.2,"0"
32,1,1.6,"0,1,2,3,4,5,6,7,8,9,10,11,12,13,14,15,16,17,18,19,20,21,22,23,24,25,26,27,28,29,30,31"
32,4,2.7,"0,1,2,3,4,5,6,7,8,9,10,11,12,13,14,15,16,17,18,19,20,21,22,23,24,25,26,27,28,29,30,31"
32,16,8.8,"0,1,2,3,4,5,6,7,8,9,10,11,12,13,14,15,16,17,18,19,20,21,22,23,24,25,26,27,28,29,30,31"
32,64,48.3,"0,1,2,3,4,5,6,7,8,9,10,11,12,13,14,15,16,17,18,19,20,21,22,23,24,25,26,27,28,29,30,31"
32,256,108.9,"0,1,2,3,4,5,6,7,8,9,10,11,12,13,14,15,16,17,18,19,20,21,22,23,24,25,26,27,28,29,30,31"
32,1024,182.0,"0,1,2,3,4,5,6,7,8,9,10,11,12,13,14,15,16,17,18,19,20,21,22,23,24,25,26,27,28,29,30,31"
32,4096,189.7,"0,1,2,3,4,5,6,7,8,9,10,11,12,13,14,15,16,17,18,19,20,21,22,23,24,25,26,27,28,29,30,31"
32,16384,197.5,"0,1,2,3,4,5,6,7,8,9,10,11,12,13,14,15,16,17,18,19,20,21,22,23,24,25,26,27,28,29,30,31"
[17:49:16] sweep hashed:park shards=1 MIX= WRITERS= BUCKETS= T=[1]
[17:49:23] sweep hashed:park shards=4 MIX= WRITERS= BUCKETS= T=[1]
[17:49:30] sweep hashed:park shards=16 MIX= WRITERS= BUCKETS= T=[1]
[17:49:37] sweep hashed:park shards=64 MIX= WRITERS= BUCKETS= T=[1]
[17:49:44] sweep hashed:park shards=256 MIX= WRITERS= BUCKETS= T=[1]
[17:49:51] sweep hashed:park shards=1024 MIX= WRITERS= BUCKETS= T=[1]
[17:49:58] sweep hashed:park shards=4096 MIX= WRITERS= BUCKETS= T=[1]
[17:50:05] sweep hashed:park shards=16384 MIX= WRITERS= BUCKETS= T=[1]
[17:50:12] sweep hashed:park shards=1 MIX= WRITERS= BUCKETS= T=[32]
[17:50:19] sweep hashed:park shards=4 MIX= WRITERS= BUCKETS= T=[32]
[17:50:26] sweep hashed:park shards=16 MIX= WRITERS= BUCKETS= T=[32]
[17:50:34] sweep hashed:park shards=64 MIX= WRITERS= BUCKETS= T=[32]
[17:50:41] sweep hashed:park shards=256 MIX= WRITERS= BUCKETS= T=[32]
[17:50:48] sweep hashed:park shards=1024 MIX= WRITERS= BUCKETS= T=[32]
[17:50:55] sweep hashed:park shards=4096 MIX= WRITERS= BUCKETS= T=[32]
[17:51:03] sweep hashed:park shards=16384 MIX= WRITERS= BUCKETS= T=[32]
threads,count,mops,cpus
1,1,18.9,"0"
1,4,18.7,"0"
1,16,18.7,"0"
1,64,18.7,"0"
1,256,18.9,"0"
1,1024,18.8,"0"
1,4096,18.7,"0"
1,16384,18.0,"0"
32,1,2.0,"0,1,2,3,4,5,6,7,8,9,10,11,12,13,14,15,16,17,18,19,20,21,22,23,24,25,26,27,28,29,30,31"
32,4,3.2,"0,1,2,3,4,5,6,7,8,9,10,11,12,13,14,15,16,17,18,19,20,21,22,23,24,25,26,27,28,29,30,31"
32,16,9.3,"0,1,2,3,4,5,6,7,8,9,10,11,12,13,14,15,16,17,18,19,20,21,22,23,24,25,26,27,28,29,30,31"
32,64,45.3,"0,1,2,3,4,5,6,7,8,9,10,11,12,13,14,15,16,17,18,19,20,21,22,23,24,25,26,27,28,29,30,31"
32,256,100.0,"0,1,2,3,4,5,6,7,8,9,10,11,12,13,14,15,16,17,18,19,20,21,22,23,24,25,26,27,28,29,30,31"
32,1024,170.1,"0,1,2,3,4,5,6,7,8,9,10,11,12,13,14,15,16,17,18,19,20,21,22,23,24,25,26,27,28,29,30,31"
32,4096,183.7,"0,1,2,3,4,5,6,7,8,9,10,11,12,13,14,15,16,17,18,19,20,21,22,23,24,25,26,27,28,29,30,31"
32,16384,189.5,"0,1,2,3,4,5,6,7,8,9,10,11,12,13,14,15,16,17,18,19,20,21,22,23,24,25,26,27,28,29,30,31"
[17:51:10] sweep hashed:ttas shards=1024 MIX= WRITERS= BUCKETS= T=[1 2 4 8 16 28 40 56 84 112]
[17:52:22] sweep hashed:ttas:nopad shards=1024 MIX= WRITERS= BUCKETS= T=[1 2 4 8 16 28 40 56 84 112]
[17:53:32] sweep sharded:ttas shards=1024 MIX= WRITERS= BUCKETS= T=[1 2 4 8 16 28 40 56 84 112]
[17:54:46] sweep sharded:ttas:nopad shards=1024 MIX= WRITERS= BUCKETS= T=[1 2 4 8 16 28 40 56 84 112]
[17:56:03] mux check: every event counted 100% of the time
[17:56:05] perf hashed:ttas T=28 shards=1024 cpus=0,2,4,6,8,10,12,14,16,18,20,22,24,26,28,30,32,34,36,38,40,42,44,46,48,50,52,54 DELAY=242 rep 1
[17:56:11] perf hashed:ttas T=28 shards=1024 cpus=0,2,4,6,8,10,12,14,16,18,20,22,24,26,28,30,32,34,36,38,40,42,44,46,48,50,52,54 DELAY=242 rep 2
[17:56:17] perf hashed:ttas T=28 shards=1024 cpus=0,2,4,6,8,10,12,14,16,18,20,22,24,26,28,30,32,34,36,38,40,42,44,46,48,50,52,54 DELAY=242 rep 3
[17:56:24] perf hashed:ttas:nopad T=28 shards=1024 cpus=0,2,4,6,8,10,12,14,16,18,20,22,24,26,28,30,32,34,36,38,40,42,44,46,48,50,52,54 DELAY=240 rep 1
[17:56:30] perf hashed:ttas:nopad T=28 shards=1024 cpus=0,2,4,6,8,10,12,14,16,18,20,22,24,26,28,30,32,34,36,38,40,42,44,46,48,50,52,54 DELAY=240 rep 2
[17:56:36] perf hashed:ttas:nopad T=28 shards=1024 cpus=0,2,4,6,8,10,12,14,16,18,20,22,24,26,28,30,32,34,36,38,40,42,44,46,48,50,52,54 DELAY=240 rep 3
[17:56:43] perf sharded:ttas T=28 shards=1024 cpus=0,2,4,6,8,10,12,14,16,18,20,22,24,26,28,30,32,34,36,38,40,42,44,46,48,50,52,54 DELAY=339 rep 1
[17:56:49] perf sharded:ttas T=28 shards=1024 cpus=0,2,4,6,8,10,12,14,16,18,20,22,24,26,28,30,32,34,36,38,40,42,44,46,48,50,52,54 DELAY=339 rep 2
[17:56:56] perf sharded:ttas T=28 shards=1024 cpus=0,2,4,6,8,10,12,14,16,18,20,22,24,26,28,30,32,34,36,38,40,42,44,46,48,50,52,54 DELAY=339 rep 3
[17:57:03] perf sharded:ttas:nopad T=28 shards=1024 cpus=0,2,4,6,8,10,12,14,16,18,20,22,24,26,28,30,32,34,36,38,40,42,44,46,48,50,52,54 DELAY=341 rep 1
[17:57:09] perf sharded:ttas:nopad T=28 shards=1024 cpus=0,2,4,6,8,10,12,14,16,18,20,22,24,26,28,30,32,34,36,38,40,42,44,46,48,50,52,54 DELAY=341 rep 2
[17:57:15] perf sharded:ttas:nopad T=28 shards=1024 cpus=0,2,4,6,8,10,12,14,16,18,20,22,24,26,28,30,32,34,36,38,40,42,44,46,48,50,52,54 DELAY=341 rep 3
file                                                                                                       flag  impl                T   shards  mix       cpus                                                             
/home1/11833/ryandeng87/lab1/results/part7_20261004-174327_7972838/padding_perf/hashed_ttas_nopad.r2.txt   ok    hashed:ttas:nopad   28  1024    80/10/10  0,2,4,6,8,10,12,14,16,18,20,22,24,26,28,30,32,34,36,38,40,42,44,4
/home1/11833/ryandeng87/lab1/results/part7_20261004-174327_7972838/padding_perf/hashed_ttas.r3.txt         ok    hashed:ttas         28  1024    80/10/10  0,2,4,6,8,10,12,14,16,18,20,22,24,26,28,30,32,34,36,38,40,42,44,4
/home1/11833/ryandeng87/lab1/results/part7_20261004-174327_7972838/padding_perf/sharded_ttas_nopad.r2.txt  ok    sharded:ttas:nopad  28  1024    80/10/10  0,2,4,6,8,10,12,14,16,18,20,22,24,26,28,30,32,34,36,38,40,42,44,4
/home1/11833/ryandeng87/lab1/results/part7_20261004-174327_7972838/padding_perf/sharded_ttas.r1.txt        ok    sharded:ttas        28  1024    80/10/10  0,2,4,6,8,10,12,14,16,18,20,22,24,26,28,30,32,34,36,38,40,42,44,4
[17:57:21] finished cleanly; artifacts in /home1/11833/ryandeng87/lab1/results/part7_20261004-174327_7972838
