[15:23:26] results -> /home1/11833/ryandeng87/lab1/results/part4_20261004-152326_7972219
[15:23:27] module gcc/13.2.0
[15:23:27] compiler: g++ (GCC) 13.2.0
#define HAVE_SHARDED 1      // Part 4: ShardedMap   (concurrent_map.h)
#define HAVE_LOCKS   1      // Part 5: TAS/TTAS/Ticket/Park (locks.h)
#define HAVE_RW      1      // Part 6: RWLock, RWLockWP         (locks.h)
#define HAVE_HASHED  0      // Part 7: StripedHashMap        (hash_map.h)
layout:        interleaved
cores:         56   cores in package 0: 28
socket-0 CPUs: 0,2,4,6,8,10,12,14,16,18,20,22,24,26,28,30,32,34,36,38,40,42,44,46,48,50,52,54
S0_1=0  S0_8=0,2,4,6,8,10,12,14
S0_28=0,2,4,6,8,10,12,14,16,18,20,22,24,26,28,30,32,34,36,38,40,42,44,46,48,50,52,54
WARNING: CPU numbers alternate between sockets.  sweep.sh's pin order
  is CPU-number order, so from T=2 its threads span BOTH sockets and its
  '<- first socket full' tag at T=28 is wrong.  Say so in the report;
  the perf runs in these jobs use the socket-0 lists above instead of 0-7.
[15:23:41] perf: paranoid=0 CS_FALLBACK=0 HITM=mem_load_l3_hit_retired.xsnp_hitm REFCYC=ref-cycles
[15:23:42] sweep sharded:mutex shards=256 MIX= WRITERS= BUCKETS= T=[1 2 4 8 16 28 40 56 84 112]
[15:24:50] sweep coarse shards=1 MIX= WRITERS= BUCKETS= T=[1 2 4 8 16 28 40 56 84 112]
[15:25:59] sweep sharded:mutex shards=1 MIX= WRITERS= BUCKETS= T=[1]
[15:26:06] sweep sharded:mutex shards=4 MIX= WRITERS= BUCKETS= T=[1]
[15:26:14] sweep sharded:mutex shards=16 MIX= WRITERS= BUCKETS= T=[1]
[15:26:21] sweep sharded:mutex shards=64 MIX= WRITERS= BUCKETS= T=[1]
[15:26:28] sweep sharded:mutex shards=256 MIX= WRITERS= BUCKETS= T=[1]
[15:26:35] sweep sharded:mutex shards=1024 MIX= WRITERS= BUCKETS= T=[1]
[15:26:43] sweep sharded:mutex shards=4096 MIX= WRITERS= BUCKETS= T=[1]
[15:26:50] sweep sharded:mutex shards=16384 MIX= WRITERS= BUCKETS= T=[1]
[15:26:57] sweep sharded:mutex shards=1 MIX= WRITERS= BUCKETS= T=[32]
[15:27:05] sweep sharded:mutex shards=4 MIX= WRITERS= BUCKETS= T=[32]
[15:27:12] sweep sharded:mutex shards=16 MIX= WRITERS= BUCKETS= T=[32]
[15:27:19] sweep sharded:mutex shards=64 MIX= WRITERS= BUCKETS= T=[32]
[15:27:27] sweep sharded:mutex shards=256 MIX= WRITERS= BUCKETS= T=[32]
[15:27:34] sweep sharded:mutex shards=1024 MIX= WRITERS= BUCKETS= T=[32]
[15:27:42] sweep sharded:mutex shards=4096 MIX= WRITERS= BUCKETS= T=[32]
[15:27:49] sweep sharded:mutex shards=16384 MIX= WRITERS= BUCKETS= T=[32]
threads,count,mops,cpus
1,1,2.0,"0"
1,4,2.4,"0"
1,16,2.6,"0"
1,64,2.8,"0"
1,256,2.9,"0"
1,1024,3.1,"0"
1,4096,3.6,"0"
1,16384,4.5,"0"
32,1,0.7,"0,1,2,3,4,5,6,7,8,9,10,11,12,13,14,15,16,17,18,19,20,21,22,23,24,25,26,27,28,29,30,31"
32,4,2.7,"0,1,2,3,4,5,6,7,8,9,10,11,12,13,14,15,16,17,18,19,20,21,22,23,24,25,26,27,28,29,30,31"
32,16,8.7,"0,1,2,3,4,5,6,7,8,9,10,11,12,13,14,15,16,17,18,19,20,21,22,23,24,25,26,27,28,29,30,31"
32,64,21.1,"0,1,2,3,4,5,6,7,8,9,10,11,12,13,14,15,16,17,18,19,20,21,22,23,24,25,26,27,28,29,30,31"
32,256,38.1,"0,1,2,3,4,5,6,7,8,9,10,11,12,13,14,15,16,17,18,19,20,21,22,23,24,25,26,27,28,29,30,31"
32,1024,54.1,"0,1,2,3,4,5,6,7,8,9,10,11,12,13,14,15,16,17,18,19,20,21,22,23,24,25,26,27,28,29,30,31"
32,4096,73.0,"0,1,2,3,4,5,6,7,8,9,10,11,12,13,14,15,16,17,18,19,20,21,22,23,24,25,26,27,28,29,30,31"
32,16384,91.1,"0,1,2,3,4,5,6,7,8,9,10,11,12,13,14,15,16,17,18,19,20,21,22,23,24,25,26,27,28,29,30,31"
[15:27:57] finished cleanly; artifacts in /home1/11833/ryandeng87/lab1/results/part4_20261004-152326_7972219
